[debug] [2026-04-29T21:09:09.206Z] ----------------------------------------------------------------------
[debug] [2026-04-29T21:09:09.212Z] Command:       C:\Program Files\nodejs\node.exe C:\Users\ervid\AppData\Roaming\npm\node_modules\firebase-tools\lib\bin\firebase.js deploy --only hosting
[debug] [2026-04-29T21:09:09.213Z] CLI Version:   15.13.0
[debug] [2026-04-29T21:09:09.214Z] Platform:      win32
[debug] [2026-04-29T21:09:09.214Z] Node Version:  v22.20.0
[debug] [2026-04-29T21:09:09.215Z] Time:          Thu Apr 30 2026 04:09:09 GMT+0700 (Western Indonesia Time)
[debug] [2026-04-29T21:09:09.216Z] ----------------------------------------------------------------------
[debug] 
[debug] [2026-04-29T21:09:09.222Z] >>> [apiv2][query] GET https://firebase-public.firebaseio.com/cli.json [none]
[debug] [2026-04-29T21:09:14.668Z] > command requires scopes: ["email","openid","https://www.googleapis.com/auth/cloudplatformprojects.readonly","https://www.googleapis.com/auth/firebase","https://www.googleapis.com/auth/cloud-platform"]
[debug] [2026-04-29T21:09:14.668Z] > authorizing via signed-in user (yokijati@gmail.com)
[debug] [2026-04-29T21:09:14.669Z] [iam] checking project zarqa-erp-firebase for permissions ["firebase.projects.get","firebasehosting.sites.update"]
[debug] [2026-04-29T21:09:14.670Z] Checked if tokens are valid: false, expires at: 1776765404404
[debug] [2026-04-29T21:09:14.670Z] Checked if tokens are valid: false, expires at: 1776765404404
[debug] [2026-04-29T21:09:14.671Z] > refreshing access token with scopes: []
[debug] [2026-04-29T21:09:14.672Z] >>> [apiv2][query] POST https://www.googleapis.com/oauth2/v3/token [none]
[debug] [2026-04-29T21:09:14.672Z] >>> [apiv2][body] POST https://www.googleapis.com/oauth2/v3/token [omitted]
[debug] [2026-04-29T21:09:14.678Z] *** [apiv2] error from fetch(https://firebase-public.firebaseio.com/cli.json, {"headers":{},"method":"GET"}): FetchError: request to https://firebase-public.firebaseio.com/cli.json failed, reason: getaddrinfo ENOTFOUND firebase-public.firebaseio.com
[warn] !  Unable to fetch the CLI MOTD and remote config. This is not a fatal error, but may indicate an issue with your network connection. 
[debug] [2026-04-29T21:09:14.679Z] Failed to fetch MOTD FirebaseError: Failed to make request to https://firebase-public.firebaseio.com/cli.json
[debug] [2026-04-29T21:09:14.680Z] *** [apiv2] error from fetch(https://www.googleapis.com/oauth2/v3/token, {"headers":{},"method":"POST","body":{"_overheadLength":545,"_valueLength":212,"_valuesToMeasure":[],"writable":false,"readable":true,"dataSize":0,"maxDataSize":2097152,"pauseStreams":true,"_released":true,"_streams":[],"_currentStream":null,"_insideLoop":false,"_pendingNext":false,"_boundary":"--------------------------4955ef56fd4a4a88e99ac723","_events":{},"_eventsCount":1}}): FetchError: request to https://www.googleapis.com/oauth2/v3/token failed, reason: getaddrinfo ENOTFOUND www.googleapis.com
[error] Authentication Error: Your credentials are no longer valid. Please run firebase login --reauth

For CI servers and headless environments, generate a new token with firebase login:ci
[debug] [2026-04-29T21:09:14.681Z] [iam] error while checking permissions, command may fail: Authentication Error: Your credentials are no longer valid. Please run firebase login --reauth

For CI servers and headless environments, generate a new token with firebase login:ci
[debug] [2026-04-29T21:09:14.682Z] Checked if tokens are valid: false, expires at: 1776765404404
[debug] [2026-04-29T21:09:14.682Z] Checked if tokens are valid: false, expires at: 1776765404404
[debug] [2026-04-29T21:09:14.682Z] > refreshing access token with scopes: []
[debug] [2026-04-29T21:09:14.683Z] >>> [apiv2][query] POST https://www.googleapis.com/oauth2/v3/token [none]
[debug] [2026-04-29T21:09:14.683Z] >>> [apiv2][body] POST https://www.googleapis.com/oauth2/v3/token [omitted]
[debug] [2026-04-29T21:09:14.690Z] *** [apiv2] error from fetch(https://www.googleapis.com/oauth2/v3/token, {"headers":{},"method":"POST","body":{"_overheadLength":545,"_valueLength":212,"_valuesToMeasure":[],"writable":false,"readable":true,"dataSize":0,"maxDataSize":2097152,"pauseStreams":true,"_released":true,"_streams":[],"_currentStream":null,"_insideLoop":false,"_pendingNext":false,"_boundary":"--------------------------0d4ceb38608f9ff429cd1dbc","_events":{},"_eventsCount":1}}): FetchError: request to https://www.googleapis.com/oauth2/v3/token failed, reason: getaddrinfo ENOTFOUND www.googleapis.com
[error] Authentication Error: Your credentials are no longer valid. Please run firebase login --reauth

For CI servers and headless environments, generate a new token with firebase login:ci
[debug] [2026-04-29T21:09:14.691Z] Authentication Error: Your credentials are no longer valid. Please run firebase login --reauth

For CI servers and headless environments, generate a new token with firebase login:ci
[error] 
[error] Error: Assertion failed: resolving hosting target of a site with no site name or target name. This should have caused an error earlier
